
=== NEWS CREATE DEBUG ===
Title: Resident Evil 9 showcase
Content length: 0
Content is None: False
Content empty: True
Video URL: 
Twitter: 

=== NEWS CREATE DEBUG ===
Title: Leon u akciji, ali bez demoa
Content length: 0
Content is None: False
Content empty: True
Video URL: 
Twitter: 

=== NEWS CREATE DEBUG ===
Title: dfdfsfdfsdsdfsd
Content length: 0
Content is None: False
Content empty: True
Video URL: 
Twitter: 

=== NEWS CREATE DEBUG ===
Title: tekst test
Content length: 0
Content is None: False
Content empty: True
Video URL: 
Twitter: 

=== NEWS CREATE DEBUG ===
Title: Resident Evil 9 showcase: Leon u akciji, ali bez demoa
Content length: 0
Content is None: False
Content empty: True
Video URL: 
Twitter: 

=== NEWS CREATE DEBUG ===
Title: Test
Content length: 37
Content is None: False
Content empty: False
Content preview: <p>Ovo je test tekst sa sadržajem</p>
Video URL: 
Twitter: 

=== NEWS CREATE DEBUG ===
Title: Resident Evil 9 showcase: Leon u akciji, ali bez demoa
Content length: 1431
Content is None: False
Content empty: False
Content preview: <p>Nepuna&nbsp;<strong>dva sata</strong>&nbsp;nakon emitovanja, imali smo priliku pogledati&nbsp;<strong>Resident Evil 9 showcase prezentaciju</strong>, koja je trajala oko&nbsp;<strong>15 minuta</str
Video URL: 
Twitter: 

=== NEWS CREATE DEBUG ===
Title: Resident Evil 9 showcase: Leon u akciji, ali bez demoa
Content length: 1453
Content is None: False
Content empty: False
Content preview: <p>Nepuna&nbsp;<strong>dva sata</strong>&nbsp;nakon emitovanja, imali smo priliku pogledati&nbsp;<strong>Resident Evil 9 showcase prezentaciju</strong>, koja je trajala oko&nbsp;<strong>15 minuta</str
Video URL: https://www.youtube.com/watch?v=qLuAT-njhIA
Twitter: https://twitter.com/RE_Games/status/1999296888789696781

=== NEWS CREATE DEBUG ===
Title: GameGround Radio – Bez Frekvencije | Sezona 2, Epizoda 2
Content length: 751
Content is None: False
Content empty: False

=== NEWS CREATE DEBUG ===
Title: GameGround Radio – Bez Frekvencije | Sezona 2, Epizoda 2
Content length: 751
Content is None: False
Content empty: False

=== NEWS CREATE DEBUG ===
Title: GameGround Radio – Bez Frekvencije | Sezona 2, Epizoda 2
Content length: 751
Content is None: False
Content empty: False

=== NEWS CREATE DEBUG ===
Title: GameGround Radio – Bez Frekvencije | Sezona 2, Epizoda 2
Content length: 751
Content is None: False
Content empty: False

=== NEWS CREATE DEBUG ===
Title: GameGround Radio – Bez Frekvencije | Sezona 2, Epizoda 2
Content length: 751
Content is None: False
Content empty: False

=== NEWS CREATE DEBUG ===
Title: GameGround Radio – Bez Frekvencije | Sezona 2, Epizoda 2
Content length: 751
Content is None: False
Content empty: False

=== NEWS CREATE DEBUG ===
Title: GameGround Radio – Bez Frekvencije | Sezona 2, Epizoda 2
Content length: 791
Content is None: False
Content empty: False

=== NEWS CREATE DEBUG ===
Title: GameGround Radio – Bez Frekvencije
Content length: 791
Content is None: False
Content empty: False

=== NEWS CREATE DEBUG ===
Title: GameGround Radio – Bez Frekvencije
Content length: 791
Content is None: False
Content empty: False

=== NEWS CREATE DEBUG ===
Title: GameGround Radio – Bez Frekvencije | Sezona 2, Epizoda 2
Content length: 729
Content is None: False
Content empty: False

=== NEWS CREATE DEBUG ===
Title: GameGround Radio – Bez Frekvencije | Sezona 2, Epizoda 2
Content length: 729
Content is None: False
Content empty: False

=== NEWS CREATE DEBUG ===
Title: GameGround Radio – Bez Frekvencije | Sezona 2, Epizoda 2
Content length: 729
Content is None: False
Content empty: False
